../Core/Src/main.c:56:6:set_timer	16	static
../Core/Src/main.c:61:6:timer_run	16	static
../Core/Src/main.c:75:6:timer_isr	8	static
../Core/Src/main.c:79:6:display7SEG	16	static
../Core/Src/main.c:194:5:main	8	static
../Core/Src/main.c:241:6:SystemClock_Config	72	static
../Core/Src/main.c:278:13:MX_TIM2_Init	32	static
../Core/Src/main.c:323:13:MX_GPIO_Init	32	static
../Core/Src/main.c:362:6:HAL_TIM_PeriodElapsedCallback	16	static
../Core/Src/main.c:393:6:Error_Handler	4	static,ignoring_inline_asm
