../Core/Src/main.c:58:6:set_timer	16	static
../Core/Src/main.c:64:6:timer_run	16	static
../Core/Src/main.c:79:6:timer_isr	8	static
../Core/Src/main.c:84:6:display7SEG	16	static
../Core/Src/main.c:193:6:update7SEG	16	static
../Core/Src/main.c:266:6:movingchar	32	static
../Core/Src/main.c:337:6:updateMatrixBuffer	16	static
../Core/Src/main.c:345:6:updateMatrix	24	static
../Core/Src/main.c:419:5:main	16	static
../Core/Src/main.c:495:6:SystemClock_Config	72	static
../Core/Src/main.c:532:13:MX_TIM2_Init	32	static
../Core/Src/main.c:577:13:MX_GPIO_Init	32	static
../Core/Src/main.c:631:6:HAL_TIM_PeriodElapsedCallback	16	static
../Core/Src/main.c:641:6:Error_Handler	4	static,ignoring_inline_asm
