../Core/Src/main.c:58:6:set_timer	16	static
../Core/Src/main.c:64:6:timer_run	16	static
../Core/Src/main.c:79:6:timer_isr	8	static
../Core/Src/main.c:84:6:display7SEG	16	static
../Core/Src/main.c:193:6:update7SEG	16	static
../Core/Src/main.c:243:5:main	8	static
../Core/Src/main.c:306:6:SystemClock_Config	72	static
../Core/Src/main.c:343:13:MX_TIM2_Init	32	static
../Core/Src/main.c:388:13:MX_GPIO_Init	32	static
../Core/Src/main.c:430:6:HAL_TIM_PeriodElapsedCallback	16	static
../Core/Src/main.c:440:6:Error_Handler	4	static,ignoring_inline_asm
