../Core/Src/main.c:58:6:set_timer	16	static
../Core/Src/main.c:64:6:timer_run	16	static
../Core/Src/main.c:79:6:timer_isr	8	static
../Core/Src/main.c:84:6:display7SEG	16	static
../Core/Src/main.c:193:6:update7SEG	16	static
../Core/Src/main.c:235:6:movingchar	4	static
../Core/Src/main.c:239:6:updateMatrix	16	static
../Core/Src/main.c:372:8:updateClockBuffer	16	static
../Core/Src/main.c:340:5:main	32	static
../Core/Src/main.c:441:6:SystemClock_Config	72	static
../Core/Src/main.c:478:13:MX_TIM2_Init	32	static
../Core/Src/main.c:523:13:MX_GPIO_Init	32	static
../Core/Src/main.c:577:6:HAL_TIM_PeriodElapsedCallback	16	static
../Core/Src/main.c:587:6:Error_Handler	4	static,ignoring_inline_asm
