../Core/Src/main.c:57:6:set_timer	16	static
../Core/Src/main.c:62:6:timer_run	16	static
../Core/Src/main.c:76:6:timer_isr	8	static
../Core/Src/main.c:80:6:display7SEG	16	static
../Core/Src/main.c:195:5:main	24	static
../Core/Src/main.c:314:6:SystemClock_Config	72	static
../Core/Src/main.c:351:13:MX_TIM2_Init	32	static
../Core/Src/main.c:396:13:MX_GPIO_Init	32	static
../Core/Src/main.c:438:6:HAL_TIM_PeriodElapsedCallback	16	static
../Core/Src/main.c:448:6:Error_Handler	4	static,ignoring_inline_asm
