21:40:12 **** Build of configuration Debug for project Ex_6 ****
make -j16 all 
arm-none-eabi-gcc "../Core/Src/main.c" -mcpu=cortex-m3 -std=gnu11 -g3 -DDEBUG -DUSE_HAL_DRIVER -DSTM32F103x6 -c -I../Core/Inc -I../Drivers/STM32F1xx_HAL_Driver/Inc -I../Drivers/STM32F1xx_HAL_Driver/Inc/Legacy -I../Drivers/CMSIS/Device/ST/STM32F1xx/Include -I../Drivers/CMSIS/Include -O0 -ffunction-sections -fdata-sections -Wall -fstack-usage -MMD -MP -MF"Core/Src/main.d" -MT"Core/Src/main.o" --specs=nano.specs -mfloat-abi=soft -mthumb -o "Core/Src/main.o"
arm-none-eabi-gcc -o "Ex_6.elf" @"objects.list"   -mcpu=cortex-m3 -T"D:\2.HOC\1.Hoc tap truong\5.nam_4\2.VXL-VKD\Lab\Lab_1\Ex_6\STM32F103C6UX_FLASH.ld" --specs=nosys.specs -Wl,-Map="Ex_6.map" -Wl,--gc-sections -static --specs=nano.specs -mfloat-abi=soft -mthumb -Wl,--start-group -lc -lm -Wl,--end-group
Finished building target: Ex_6.elf
 
arm-none-eabi-size   Ex_6.elf 
arm-none-eabi-objdump -h -S  Ex_6.elf  > "Ex_6.list"
arm-none-eabi-objcopy  -O ihex  Ex_6.elf  "Ex_6.hex"
arm-none-eabi-objcopy  -O binary  Ex_6.elf  "Ex_6.bin"
   text	   data	    bss	    dec	    hex	filename
   4592	     92	   1572	   6256	   1870	Ex_6.elf
Finished building: default.size.stdout
 
Finished building: Ex_6.bin
Finished building: Ex_6.hex
 
 
Finished building: Ex_6.list
 
